
> backend@1.0.0 test
> cross-env NODE_ENV=test jest tests/orderController.test.js

  console.log
    [dotenv@17.2.3] injecting env (11) from .env -- tip: ≡ƒùé∩╕Å backup and recover secrets: https://dotenvx.com/ops

      at _log (node_modules/dotenv/lib/main.js:142:11)

  console.log
    Γ£à Environment variables validated successfully (DB_DIALECT: postgres)

      at log (middleware/envValidation.js:85:11)

node.exe : FAIL tes
ts/orderController.
test.js
At C:\Program Files
\nodejs\npm.ps1:29 
char:3
+   & $NODE_EXE 
$NPM_CLI_JS $args
+   ~~~~~~~~~~~~~~~
~~~~~~~~~~~~~~
    + CategoryInfo 
             : No  
  tSpecified: (F   
 AIL tests/orde    
rController.te    
st.js:String)     
[], RemoteExce    
ption
    + FullyQualifi 
   edErrorId : Na  
  tiveCommandErr   
 or
 
  Order Controller
    GET /api/orders
      ΓêÜ should 
return a list of 
orders (34 ms)
    GET 
/api/orders/:id
      ΓêÜ should 
return order 
details if found 
(4 ms)
      ΓêÜ should 
return 404 if 
order not found (4 
ms)
    POST 
/api/orders
      ΓêÜ should 
create a new order 
(15 ms)
      ├ù should 
return 400 if 
product not found 
(6 ms)
    PUT 
/api/orders/:id
      ├ù should 
update an order (5 
ms)

  ΓùÅ Order 
Controller ΓÇ║ 
POST /api/orders 
ΓÇ║ should return 
400 if product not 
found

    expect(received
).toContain(expecte
d) // indexOf

    Expected 
substring: 
"Product 
\"Unknown\" not 
found"
    Received 
string:    
"Validation failed"

    [0m [90m 197 
|[39m
     [90m 198 
|[39m             
expect(res[33m.[3
9mstatusCode)[33m.
[39mtoBe([35m400
[39m)[33m;[39m
    [31m[1m>[22m
[39m[90m 199 
|[39m             
expect(res[33m.[3
9mbody[33m.[39mme
ssage)[33m.[39mto
Contain([32m'Produ
ct "Unknown" not fo
und'[39m)[33m;[3
9m
     [90m     
|[39m             
                   
      [31m[1m^[2
2m[39m
     [90m 200 
|[39m         
})[33m;[39m
     [90m 201 
|[39m     
})[33m;[39m
     [90m 202 
|[39m[0m

      at 
Object.toContain (t
ests/orderControlle
r.test.js:199:38)

  ΓùÅ Order 
Controller ΓÇ║ PUT 
/api/orders/:id 
ΓÇ║ should update 
an order

    expect(received
).toBe(expected) 
// Object.is 
equality

    Expected: 200
    Received: 400

    [0m [90m 217 
|[39m             
    
[33m.[39msend({ 
status[33m:[39m 
[32m'Shipped'[39m 
})[33m;[39m
     [90m 218 
|[39m
    [31m[1m>[22m
[39m[90m 219 
|[39m             
expect(res[33m.[3
9mstatusCode)[33m.
[39mtoBe([35m200
[39m)[33m;[39m
     [90m     
|[39m             
                   
    [31m[1m^[22m
[39m
     [90m 220 
|[39m             
expect(res[33m.[3
9mbody[33m.[39mst
atus)[33m.[39mtoB
e([32m'Shipped'[3
9m)[33m;[39m
     [90m 221 
|[39m             
expect(mockOrder[3
3m.[39mupdate)[33
m.[39mtoHaveBeenCa
lledWith(expect[33
m.[39mobjectContai
ning({ 
status[33m:[39m 
[32m'Shipped'[39m 
}))[33m;[39m
     [90m 222 
|[39m         
})[33m;[39m[0m

      at 
Object.toBe (tests/
orderController.tes
t.js:219:36)

Test Suites: 1 
failed, 1 total
Tests:       2 
failed, 4 passed, 
6 total
Snapshots:   0 
total
Time:        1.261 
s, estimated 2 s
Ran all test 
suites matching tes
ts/orderController.
test.js.
Force exiting 
Jest: Have you 
considered using `-
-detectOpenHandles`
 to detect async 
operations that 
kept running after 
all tests finished?
